
 Start  Stop   Length Name               Class

 00000H 08288H 08289H _TEXT              CODE
 08290H 0A886H 025F7H EMU_PROG           CODE
 0A890H 0ACA6H 00417H E87_PROG           CODE
 0ACB0H 0CCF1H 02042H _DATA              DATA
 0CCF2H 0CCF5H 00004H _EMUSEG            DATA
 0CCF6H 0CCF7H 00002H _CRTSEG            DATA
 0CCF8H 0CCFBH 00004H _CVTSEG            DATA
 0CCFCH 0CD07H 0000CH _SCNSEG            DATA
 0CD08H 0E82BH 01B24H _BSS               BSS
 0E82CH 0E82CH 00000H _BSSEND            STACK
 0E830H 0E915H 000E6H _STACK             STACK

Detailed map of segments

0000:0000 01BC C=CODE S=_TEXT G=(none) M=C0C ACBP=28
0000:01BC 32F0 C=CODE S=_TEXT G=(none) M=TANS5.C ACBP=28
0000:34AC 0106 C=CODE S=_TEXT G=(none) M=GFUFNAME.C ACBP=28
0000:35B2 090D C=CODE S=_TEXT G=(none) M=INPUT.C ACBP=28
0000:3EBF 0050 C=CODE S=_TEXT G=(none) M=CURSOR.C ACBP=28
0000:3F0F 002A C=CODE S=_TEXT G=(none) M=GCHAR.C ACBP=28
0000:3F39 0319 C=CODE S=_TEXT G=(none) M=TANPRINT.C ACBP=28
0000:4252 008D C=CODE S=_TEXT G=(none) M=XEIRMASK.C ACBP=28
0000:42DF 019E C=CODE S=_TEXT G=(none) M=EMUINIT ACBP=28
0000:447D 0014 C=CODE S=_TEXT G=(none) M=ATOF ACBP=28
0000:4491 0071 C=CODE S=_TEXT G=(none) M=EXP ACBP=28
0000:4502 000F C=CODE S=_TEXT G=(none) M=FABS ACBP=28
0000:4511 0000 C=CODE S=_TEXT G=(none) M=FLAGS87 ACBP=28
0000:4511 025E C=CODE S=_TEXT G=(none) M=FPEXCEP ACBP=28
0000:476F 0096 C=CODE S=_TEXT G=(none) M=FPERR ACBP=28
0000:4805 0006 C=CODE S=_TEXT G=(none) M=FPRESET ACBP=28
0000:480B 0000 C=CODE S=_TEXT G=(none) M=HUGEVAL ACBP=28
0000:480B 009B C=CODE S=_TEXT G=(none) M=LDTRUNC ACBP=28
0000:48A6 0098 C=CODE S=_TEXT G=(none) M=LOG ACBP=28
0000:493E 002C C=CODE S=_TEXT G=(none) M=MATHERR ACBP=28
0000:496A 0198 C=CODE S=_TEXT G=(none) M=POW ACBP=28
0000:4B02 00C8 C=CODE S=_TEXT G=(none) M=POW10 ACBP=28
0000:4BCA 01AE C=CODE S=_TEXT G=(none) M=REALCVT ACBP=28
0000:4D78 0392 C=CODE S=_TEXT G=(none) M=SCANTOD ACBP=28
0000:510A 0041 C=CODE S=_TEXT G=(none) M=SQRT ACBP=28
0000:514B 00C2 C=CODE S=_TEXT G=(none) M=STRTOD ACBP=28
0000:520D 01C5 C=CODE S=_TEXT G=(none) M=XCVT ACBP=28
0000:53D2 00B8 C=CODE S=_TEXT G=(none) M=_MATHERR ACBP=28
0000:548A 003B C=CODE S=_TEXT G=(none) M=IOERROR ACBP=28
0000:54C5 0030 C=CODE S=_TEXT G=(none) M=EXIT ACBP=28
0000:54F5 00FD C=CODE S=_TEXT G=(none) M=SETARGV ACBP=28
0000:55F2 0040 C=CODE S=_TEXT G=(none) M=SETENVP ACBP=28
0000:5632 0000 C=CODE S=_TEXT G=(none) M=STKLEN ACBP=28
0000:5632 0026 C=CODE S=_TEXT G=(none) M=ATEXIT ACBP=28
0000:5658 0306 C=CODE S=_TEXT G=(none) M=FMALLOC ACBP=28
0000:595E 0150 C=CODE S=_TEXT G=(none) M=FBRK ACBP=28
0000:5AAE 005B C=CODE S=_TEXT G=(none) M=PADD ACBP=28
0000:5B09 0021 C=CODE S=_TEXT G=(none) M=PCMP ACBP=28
0000:5B2A 001E C=CODE S=_TEXT G=(none) M=SETBLOCK ACBP=28
0000:5B48 0000 C=CODE S=_TEXT G=(none) M=CTYPE ACBP=28
0000:5B48 02BB C=CODE S=_TEXT G=(none) M=FOPEN ACBP=28
0000:5E03 018E C=CODE S=_TEXT G=(none) M=OPEN ACBP=28
0000:5F91 004B C=CODE S=_TEXT G=(none) M=OPENA ACBP=28
0000:5FDC 0000 C=CODE S=_TEXT G=(none) M=FILES ACBP=28
0000:5FDC 0000 C=CODE S=_TEXT G=(none) M=FILES2 ACBP=28
0000:5FDC 0000 C=CODE S=_TEXT G=(none) M=FMODE ACBP=28
0000:5FDC 0144 C=CODE S=_TEXT G=(none) M=FSEEK ACBP=28
0000:6120 002B C=CODE S=_TEXT G=(none) M=IOCTL ACBP=28
0000:614B 0018 C=CODE S=_TEXT G=(none) M=ISATTY ACBP=28
0000:6163 0136 C=CODE S=_TEXT G=(none) M=SETVBUF ACBP=28
0000:6299 00C6 C=CODE S=_TEXT G=(none) M=FCLOSE ACBP=28
0000:635F 002D C=CODE S=_TEXT G=(none) M=CLOSE ACBP=28
0000:638C 0024 C=CODE S=_TEXT G=(none) M=CLOSEA ACBP=28
0000:63B0 0036 C=CODE S=_TEXT G=(none) M=XFCLOSE ACBP=28
0000:63E6 0038 C=CODE S=_TEXT G=(none) M=XFFLUSH ACBP=28
0000:641E 00BF C=CODE S=_TEXT G=(none) M=READ ACBP=28
0000:64DD 001E C=CODE S=_TEXT G=(none) M=READA ACBP=28
0000:64FB 0160 C=CODE S=_TEXT G=(none) M=WRITE ACBP=28
0000:665B 0048 C=CODE S=_TEXT G=(none) M=WRITEA ACBP=28
0000:66A3 003D C=CODE S=_TEXT G=(none) M=ACCESS ACBP=28
0000:66E0 002B C=CODE S=_TEXT G=(none) M=LSEEK ACBP=28
0000:670B 00F9 C=CODE S=_TEXT G=(none) M=LTOA ACBP=28
0000:6804 0019 C=CODE S=_TEXT G=(none) M=LXMUL ACBP=28
0000:681D 00A7 C=CODE S=_TEXT G=(none) M=TMPNAM ACBP=28
0000:68C4 001A C=CODE S=_TEXT G=(none) M=UNLINK ACBP=28
0000:68DE 0042 C=CODE S=_TEXT G=(none) M=STRCAT ACBP=28
0000:6920 003E C=CODE S=_TEXT G=(none) M=STRCHR ACBP=28
0000:695E 001B C=CODE S=_TEXT G=(none) M=STRLEN ACBP=28
0000:6979 0032 C=CODE S=_TEXT G=(none) M=STRCMP ACBP=28
0000:69AB 0029 C=CODE S=_TEXT G=(none) M=STRCPY ACBP=28
0000:69D4 0026 C=CODE S=_TEXT G=(none) M=MEMCPY ACBP=28
0000:69FA 001F C=CODE S=_TEXT G=(none) M=CHMODA ACBP=28
0000:6A19 0021 C=CODE S=_TEXT G=(none) M=CVTFAK ACBP=28
0000:6A3A 00E6 C=CODE S=_TEXT G=(none) M=FFLUSH ACBP=28
0000:6B20 001E C=CODE S=_TEXT G=(none) M=PRINTF ACBP=28
0000:6B3E 02B6 C=CODE S=_TEXT G=(none) M=PUTC ACBP=28
0000:6DF4 0045 C=CODE S=_TEXT G=(none) M=PUTS ACBP=28
0000:6E39 0004 C=CODE S=_TEXT G=(none) M=REALCVT ACBP=28
0000:6E3D 054E C=CODE S=_TEXT G=(none) M=VPRINTER ACBP=28
0000:738B 0314 C=CODE S=_TEXT G=(none) M=FFREE ACBP=28
0000:769F 0083 C=CODE S=_TEXT G=(none) M=CREATA ACBP=28
0000:7722 001F C=CODE S=_TEXT G=(none) M=FPRINTF ACBP=28
0000:7741 003A C=CODE S=_TEXT G=(none) M=FPUTS ACBP=28
0000:777B 0119 C=CODE S=_TEXT G=(none) M=CRTINIT ACBP=28
0000:7894 0025 C=CODE S=_TEXT G=(none) M=CLREOL ACBP=28
0000:78B9 0029 C=CODE S=_TEXT G=(none) M=CLRSCR ACBP=28
0000:78E2 0152 C=CODE S=_TEXT G=(none) M=CPRINTF ACBP=28
0000:7A34 005A C=CODE S=_TEXT G=(none) M=GETCH ACBP=28
0000:7A8E 000C C=CODE S=_TEXT G=(none) M=SCANTOD ACBP=28
0000:7A9A 0089 C=CODE S=_TEXT G=(none) M=ATOL ACBP=28
0000:7B23 0059 C=CODE S=_TEXT G=(none) M=GOTOXY ACBP=28
0000:7B7C 008B C=CODE S=_TEXT G=(none) M=GPTEXT ACBP=28
0000:7C07 00A5 C=CODE S=_TEXT G=(none) M=INTR ACBP=28
0000:7CAC 0006 C=CODE S=_TEXT G=(none) M=KBHIT ACBP=28
0000:7CB2 00A2 C=CODE S=_TEXT G=(none) M=MOVETEXT ACBP=28
0000:7D54 0020 C=CODE S=_TEXT G=(none) M=OVERFLOW ACBP=28
0000:7D74 0017 C=CODE S=_TEXT G=(none) M=PUTCH ACBP=28
0000:7D8B 001C C=CODE S=_TEXT G=(none) M=SCOPY ACBP=28
0000:7DA7 0192 C=CODE S=_TEXT G=(none) M=SCROLL ACBP=28
0000:7F39 01C5 C=CODE S=_TEXT G=(none) M=SCREEN ACBP=28
0000:80FE 0000 C=CODE S=_TEXT G=(none) M=SIGDATA ACBP=28
0000:80FE 007E C=CODE S=_TEXT G=(none) M=SPRINTF ACBP=28
0000:817C 00A1 C=CODE S=_TEXT G=(none) M=VRAM ACBP=28
0000:821D 0032 C=CODE S=_TEXT G=(none) M=WHEREXY ACBP=28
0000:824F 003A C=CODE S=_TEXT G=(none) M=BIOSKEY ACBP=28
0829:0000 0000 C=CODE S=EMU_PROG G=(none) M=EMUINIT ACBP=68
0829:0000 25F7 C=CODE S=EMU_PROG G=(none) M=EMU086 ACBP=68
0A89:0000 0000 C=CODE S=E87_PROG G=(none) M=EMUINIT ACBP=68
0A89:0000 0417 C=CODE S=E87_PROG G=(none) M=EMU087 ACBP=68
0ACB:0000 0093 C=DATA S=_DATA G=DGROUP M=C0C ACBP=68
0ACB:0094 0F35 C=DATA S=_DATA G=DGROUP M=TANS5.C ACBP=48
0ACB:0FCA 002F C=DATA S=_DATA G=DGROUP M=GFUFNAME.C ACBP=48
0ACB:0FFA 0141 C=DATA S=_DATA G=DGROUP M=INPUT.C ACBP=48
0ACB:113C 0018 C=DATA S=_DATA G=DGROUP M=CURSOR.C ACBP=48
0ACB:1154 0000 C=DATA S=_DATA G=DGROUP M=GCHAR.C ACBP=48
0ACB:1154 056F C=DATA S=_DATA G=DGROUP M=TANPRINT.C ACBP=48
0ACB:16C4 0324 C=DATA S=_DATA G=DGROUP M=XEIRMASK.C ACBP=48
0ACB:19E8 0000 C=DATA S=_DATA G=DGROUP M=EMUINIT ACBP=48
0ACB:19E8 0000 C=DATA S=_DATA G=DGROUP M=ATOF ACBP=48
0ACB:19E8 000C C=DATA S=_DATA G=DGROUP M=EXP ACBP=48
0ACB:19F4 0000 C=DATA S=_DATA G=DGROUP M=FABS ACBP=48
0ACB:19F4 0000 C=DATA S=_DATA G=DGROUP M=FLAGS87 ACBP=48
0ACB:19F4 0081 C=DATA S=_DATA G=DGROUP M=FPEXCEP ACBP=48
0ACB:1A76 0088 C=DATA S=_DATA G=DGROUP M=FPERR ACBP=48
0ACB:1AFE 0000 C=DATA S=_DATA G=DGROUP M=FPRESET ACBP=48
0ACB:1AFE 0024 C=DATA S=_DATA G=DGROUP M=HUGEVAL ACBP=48
0ACB:1B22 0000 C=DATA S=_DATA G=DGROUP M=LDTRUNC ACBP=48
0ACB:1B22 000C C=DATA S=_DATA G=DGROUP M=LOG ACBP=48
0ACB:1B2E 0008 C=DATA S=_DATA G=DGROUP M=MATHERR ACBP=48
0ACB:1B36 0004 C=DATA S=_DATA G=DGROUP M=POW ACBP=48
0ACB:1B3A 0080 C=DATA S=_DATA G=DGROUP M=POW10 ACBP=48
0ACB:1BBA 0000 C=DATA S=_DATA G=DGROUP M=REALCVT ACBP=48
0ACB:1BBA 001A C=DATA S=_DATA G=DGROUP M=SCANTOD ACBP=48
0ACB:1BD4 000D C=DATA S=_DATA G=DGROUP M=SQRT ACBP=48
0ACB:1BE2 0000 C=DATA S=_DATA G=DGROUP M=STRTOD ACBP=48
0ACB:1BE2 0000 C=DATA S=_DATA G=DGROUP M=XCVT ACBP=48
0ACB:1BE2 0059 C=DATA S=_DATA G=DGROUP M=_MATHERR ACBP=48
0ACB:1C3C 005B C=DATA S=_DATA G=(none) M=IOERROR ACBP=48
0ACB:1C98 0006 C=DATA S=_DATA G=DGROUP M=EXIT ACBP=48
0ACB:1C9E 0000 C=DATA S=_DATA G=DGROUP M=SETARGV ACBP=48
0ACB:1C9E 0000 C=DATA S=_DATA G=DGROUP M=SETENVP ACBP=48
0ACB:1C9E 0002 C=DATA S=_DATA G=DGROUP M=STKLEN ACBP=48
0ACB:1CA0 0002 C=DATA S=_DATA G=DGROUP M=ATEXIT ACBP=48
0ACB:1CA2 000C C=DATA S=_DATA G=DGROUP M=FMALLOC ACBP=48
0ACB:1CAE 0002 C=DATA S=_DATA G=DGROUP M=FBRK ACBP=48
0ACB:1CB0 0000 C=DATA S=_DATA G=(none) M=SETBLOCK ACBP=48
0ACB:1CB0 0101 C=DATA S=_DATA G=DGROUP M=CTYPE ACBP=48
0ACB:1DB2 0000 C=DATA S=_DATA G=DGROUP M=FOPEN ACBP=48
0ACB:1DB2 0000 C=DATA S=_DATA G=(none) M=OPEN ACBP=48
0ACB:1DB2 0000 C=DATA S=_DATA G=(none) M=OPENA ACBP=48
0ACB:1DB2 0190 C=DATA S=_DATA G=DGROUP M=FILES ACBP=48
0ACB:1F42 0028 C=DATA S=_DATA G=DGROUP M=FILES2 ACBP=48
0ACB:1F6A 0004 C=DATA S=_DATA G=DGROUP M=FMODE ACBP=48
0ACB:1F6E 0000 C=DATA S=_DATA G=DGROUP M=FSEEK ACBP=48
0ACB:1F6E 0000 C=DATA S=_DATA G=(none) M=IOCTL ACBP=48
0ACB:1F6E 0000 C=DATA S=_DATA G=(none) M=ISATTY ACBP=48
0ACB:1F6E 0004 C=DATA S=_DATA G=DGROUP M=SETVBUF ACBP=48
0ACB:1F72 0000 C=DATA S=_DATA G=DGROUP M=FCLOSE ACBP=48
0ACB:1F72 0000 C=DATA S=_DATA G=DGROUP M=CLOSE ACBP=48
0ACB:1F72 0000 C=DATA S=_DATA G=(none) M=CLOSEA ACBP=48
0ACB:1F72 0000 C=DATA S=_DATA G=DGROUP M=XFCLOSE ACBP=48
0ACB:1F72 0000 C=DATA S=_DATA G=DGROUP M=XFFLUSH ACBP=48
0ACB:1F72 0000 C=DATA S=_DATA G=(none) M=READ ACBP=48
0ACB:1F72 0000 C=DATA S=_DATA G=(none) M=READA ACBP=48
0ACB:1F72 0000 C=DATA S=_DATA G=DGROUP M=WRITE ACBP=48
0ACB:1F72 0000 C=DATA S=_DATA G=(none) M=WRITEA ACBP=48
0ACB:1F72 0000 C=DATA S=_DATA G=DGROUP M=ACCESS ACBP=48
0ACB:1F72 0000 C=DATA S=_DATA G=(none) M=LSEEK ACBP=48
0ACB:1F72 0000 C=DATA S=_DATA G=(none) M=LTOA ACBP=48
0ACB:1F72 0009 C=DATA S=_DATA G=DGROUP M=TMPNAM ACBP=48
0ACB:1F7C 0000 C=DATA S=_DATA G=(none) M=UNLINK ACBP=48
0ACB:1F7C 0000 C=DATA S=_DATA G=(none) M=STRCAT ACBP=48
0ACB:1F7C 0000 C=DATA S=_DATA G=(none) M=STRCHR ACBP=48
0ACB:1F7C 0000 C=DATA S=_DATA G=(none) M=STRLEN ACBP=48
0ACB:1F7C 0000 C=DATA S=_DATA G=(none) M=STRCMP ACBP=48
0ACB:1F7C 0000 C=DATA S=_DATA G=(none) M=STRCPY ACBP=48
0ACB:1F7C 0000 C=DATA S=_DATA G=(none) M=MEMCPY ACBP=48
0ACB:1F7C 0000 C=DATA S=_DATA G=(none) M=CHMODA ACBP=48
0ACB:1F7C 0031 C=DATA S=_DATA G=DGROUP M=CVTFAK ACBP=48
0ACB:1FAE 0000 C=DATA S=_DATA G=DGROUP M=FFLUSH ACBP=48
0ACB:1FAE 0000 C=DATA S=_DATA G=DGROUP M=PRINTF ACBP=48
0ACB:1FAE 0001 C=DATA S=_DATA G=DGROUP M=PUTC ACBP=48
0ACB:1FB0 0000 C=DATA S=_DATA G=DGROUP M=PUTS ACBP=48
0ACB:1FB0 0077 C=DATA S=_DATA G=DGROUP M=VPRINTER ACBP=48
0ACB:2028 0000 C=DATA S=_DATA G=DGROUP M=FFREE ACBP=48
0ACB:2028 0000 C=DATA S=_DATA G=(none) M=CREATA ACBP=48
0ACB:2028 0000 C=DATA S=_DATA G=DGROUP M=FPRINTF ACBP=48
0ACB:2028 0000 C=DATA S=_DATA G=DGROUP M=FPUTS ACBP=48
0ACB:2028 0018 C=DATA S=_DATA G=DGROUP M=CRTINIT ACBP=48
0ACB:2040 0000 C=DATA S=_DATA G=DGROUP M=CLREOL ACBP=48
0ACB:2040 0000 C=DATA S=_DATA G=DGROUP M=CLRSCR ACBP=48
0ACB:2040 0000 C=DATA S=_DATA G=DGROUP M=CPRINTF ACBP=48
0ACB:2040 0002 C=DATA S=_DATA G=(none) M=GETCH ACBP=48
0ACB:2042 0000 C=DATA S=_DATA G=(none) M=ATOL ACBP=48
0ACB:2042 0000 C=DATA S=_DATA G=DGROUP M=GOTOXY ACBP=48
0ACB:2042 0000 C=DATA S=_DATA G=DGROUP M=GPTEXT ACBP=48
0ACB:2042 0000 C=DATA S=_DATA G=(none) M=INTR ACBP=48
0ACB:2042 0000 C=DATA S=_DATA G=(none) M=KBHIT ACBP=48
0ACB:2042 0000 C=DATA S=_DATA G=DGROUP M=MOVETEXT ACBP=48
0ACB:2042 0000 C=DATA S=_DATA G=DGROUP M=PUTCH ACBP=48
0ACB:2042 0000 C=DATA S=_DATA G=DGROUP M=SCROLL ACBP=48
0ACB:2042 0000 C=DATA S=_DATA G=DGROUP M=SCREEN ACBP=48
0ACB:2042 0000 C=DATA S=_DATA G=DGROUP M=SIGDATA ACBP=48
0ACB:2042 0000 C=DATA S=_DATA G=DGROUP M=SPRINTF ACBP=48
0ACB:2042 0000 C=DATA S=_DATA G=(none) M=VRAM ACBP=48
0ACB:2042 0000 C=DATA S=_DATA G=DGROUP M=WHEREXY ACBP=48
0ACB:2042 0000 C=DATA S=_DATA G=(none) M=BIOSKEY ACBP=48
0CCF:0002 0004 C=DATA S=_EMUSEG G=DGROUP M=C0C ACBP=58
0CCF:0002 0004 C=DATA S=_EMUSEG G=(none) M=EMUINIT ACBP=58
0CCF:0006 0002 C=DATA S=_CRTSEG G=DGROUP M=C0C ACBP=58
0CCF:0006 0002 C=DATA S=_CRTSEG G=(none) M=CRTINIT ACBP=58
0CCF:0008 0000 C=DATA S=_CVTSEG G=DGROUP M=C0C ACBP=48
0CCF:0008 0002 C=DATA S=_CVTSEG G=(none) M=REALCVT ACBP=48
0CCF:000A 0002 C=DATA S=_CVTSEG G=(none) M=CVTFAK ACBP=48
0CCF:000C 0000 C=DATA S=_CVTSEG G=DGROUP M=REALCVT ACBP=48
0CCF:000C 0000 C=DATA S=_SCNSEG G=DGROUP M=C0C ACBP=48
0CCF:000C 0006 C=DATA S=_SCNSEG G=(none) M=SCANTOD ACBP=48
0CCF:0012 0006 C=DATA S=_SCNSEG G=(none) M=CVTFAK ACBP=48
0CCF:0018 0000 C=DATA S=_SCNSEG G=DGROUP M=SCANTOD ACBP=48
0CD0:0008 0000 C=BSS S=_BSS G=DGROUP M=C0C ACBP=48
0CD0:0008 1ACD C=BSS S=_BSS G=DGROUP M=TANS5.C ACBP=48
0CD0:1AD6 0000 C=BSS S=_BSS G=DGROUP M=GFUFNAME.C ACBP=48
0CD0:1AD6 0000 C=BSS S=_BSS G=DGROUP M=INPUT.C ACBP=48
0CD0:1AD6 0000 C=BSS S=_BSS G=DGROUP M=CURSOR.C ACBP=48
0CD0:1AD6 0000 C=BSS S=_BSS G=DGROUP M=GCHAR.C ACBP=48
0CD0:1AD6 0000 C=BSS S=_BSS G=DGROUP M=TANPRINT.C ACBP=48
0CD0:1AD6 0000 C=BSS S=_BSS G=DGROUP M=XEIRMASK.C ACBP=48
0CD0:1AD6 0000 C=BSS S=_BSS G=DGROUP M=ATOF ACBP=48
0CD0:1AD6 0000 C=BSS S=_BSS G=DGROUP M=EXP ACBP=48
0CD0:1AD6 0000 C=BSS S=_BSS G=DGROUP M=FABS ACBP=48
0CD0:1AD6 0002 C=BSS S=_BSS G=DGROUP M=FLAGS87 ACBP=48
0CD0:1AD8 0000 C=BSS S=_BSS G=DGROUP M=FPERR ACBP=48
0CD0:1AD8 0000 C=BSS S=_BSS G=DGROUP M=FPRESET ACBP=48
0CD0:1AD8 0000 C=BSS S=_BSS G=DGROUP M=HUGEVAL ACBP=48
0CD0:1AD8 0000 C=BSS S=_BSS G=DGROUP M=LDTRUNC ACBP=48
0CD0:1AD8 0000 C=BSS S=_BSS G=DGROUP M=LOG ACBP=48
0CD0:1AD8 0000 C=BSS S=_BSS G=DGROUP M=MATHERR ACBP=48
0CD0:1AD8 0000 C=BSS S=_BSS G=DGROUP M=POW ACBP=48
0CD0:1AD8 0000 C=BSS S=_BSS G=DGROUP M=POW10 ACBP=48
0CD0:1AD8 0000 C=BSS S=_BSS G=DGROUP M=REALCVT ACBP=48
0CD0:1AD8 0000 C=BSS S=_BSS G=DGROUP M=SCANTOD ACBP=48
0CD0:1AD8 0000 C=BSS S=_BSS G=DGROUP M=SQRT ACBP=48
0CD0:1AD8 0000 C=BSS S=_BSS G=DGROUP M=STRTOD ACBP=48
0CD0:1AD8 0000 C=BSS S=_BSS G=DGROUP M=XCVT ACBP=48
0CD0:1AD8 0000 C=BSS S=_BSS G=DGROUP M=_MATHERR ACBP=48
0CD0:1AD8 0000 C=BSS S=_BSS G=DGROUP M=IOERROR ACBP=48
0CD0:1AD8 0000 C=BSS S=_BSS G=DGROUP M=EXIT ACBP=48
0CD0:1AD8 0000 C=BSS S=_BSS G=DGROUP M=STKLEN ACBP=48
0CD0:1AD8 0040 C=BSS S=_BSS G=DGROUP M=ATEXIT ACBP=48
0CD0:1B18 0000 C=BSS S=_BSS G=DGROUP M=FMALLOC ACBP=48
0CD0:1B18 0000 C=BSS S=_BSS G=DGROUP M=FBRK ACBP=48
0CD0:1B18 0000 C=BSS S=_BSS G=DGROUP M=SETBLOCK ACBP=48
0CD0:1B18 0000 C=BSS S=_BSS G=DGROUP M=CTYPE ACBP=48
0CD0:1B18 0000 C=BSS S=_BSS G=DGROUP M=FOPEN ACBP=48
0CD0:1B18 0000 C=BSS S=_BSS G=DGROUP M=OPEN ACBP=48
0CD0:1B18 0000 C=BSS S=_BSS G=DGROUP M=OPENA ACBP=48
0CD0:1B18 0000 C=BSS S=_BSS G=DGROUP M=FILES ACBP=48
0CD0:1B18 0000 C=BSS S=_BSS G=DGROUP M=FILES2 ACBP=48
0CD0:1B18 0000 C=BSS S=_BSS G=DGROUP M=FMODE ACBP=48
0CD0:1B18 0000 C=BSS S=_BSS G=DGROUP M=FSEEK ACBP=48
0CD0:1B18 0000 C=BSS S=_BSS G=DGROUP M=IOCTL ACBP=48
0CD0:1B18 0000 C=BSS S=_BSS G=DGROUP M=ISATTY ACBP=48
0CD0:1B18 0000 C=BSS S=_BSS G=DGROUP M=SETVBUF ACBP=48
0CD0:1B18 0000 C=BSS S=_BSS G=DGROUP M=FCLOSE ACBP=48
0CD0:1B18 0000 C=BSS S=_BSS G=DGROUP M=CLOSE ACBP=48
0CD0:1B18 0000 C=BSS S=_BSS G=DGROUP M=CLOSEA ACBP=48
0CD0:1B18 0000 C=BSS S=_BSS G=DGROUP M=XFCLOSE ACBP=48
0CD0:1B18 0000 C=BSS S=_BSS G=DGROUP M=XFFLUSH ACBP=48
0CD0:1B18 0000 C=BSS S=_BSS G=DGROUP M=READ ACBP=48
0CD0:1B18 0000 C=BSS S=_BSS G=DGROUP M=READA ACBP=48
0CD0:1B18 0000 C=BSS S=_BSS G=DGROUP M=WRITE ACBP=48
0CD0:1B18 0000 C=BSS S=_BSS G=DGROUP M=WRITEA ACBP=48
0CD0:1B18 0000 C=BSS S=_BSS G=DGROUP M=ACCESS ACBP=48
0CD0:1B18 0000 C=BSS S=_BSS G=DGROUP M=LSEEK ACBP=48
0CD0:1B18 0000 C=BSS S=_BSS G=DGROUP M=LTOA ACBP=48
0CD0:1B18 000F C=BSS S=_BSS G=DGROUP M=TMPNAM ACBP=48
0CD0:1B28 0000 C=BSS S=_BSS G=DGROUP M=UNLINK ACBP=48
0CD0:1B28 0000 C=BSS S=_BSS G=DGROUP M=STRCAT ACBP=48
0CD0:1B28 0000 C=BSS S=_BSS G=DGROUP M=STRCHR ACBP=48
0CD0:1B28 0000 C=BSS S=_BSS G=DGROUP M=STRLEN ACBP=48
0CD0:1B28 0000 C=BSS S=_BSS G=DGROUP M=STRCMP ACBP=48
0CD0:1B28 0000 C=BSS S=_BSS G=DGROUP M=STRCPY ACBP=48
0CD0:1B28 0000 C=BSS S=_BSS G=DGROUP M=MEMCPY ACBP=48
0CD0:1B28 0000 C=BSS S=_BSS G=DGROUP M=CHMODA ACBP=48
0CD0:1B28 0000 C=BSS S=_BSS G=DGROUP M=FFLUSH ACBP=48
0CD0:1B28 0000 C=BSS S=_BSS G=DGROUP M=PRINTF ACBP=48
0CD0:1B28 0000 C=BSS S=_BSS G=DGROUP M=PUTC ACBP=48
0CD0:1B28 0000 C=BSS S=_BSS G=DGROUP M=PUTS ACBP=48
0CD0:1B28 0000 C=BSS S=_BSS G=DGROUP M=VPRINTER ACBP=48
0CD0:1B28 0000 C=BSS S=_BSS G=DGROUP M=FFREE ACBP=48
0CD0:1B28 0000 C=BSS S=_BSS G=DGROUP M=CREATA ACBP=48
0CD0:1B28 0000 C=BSS S=_BSS G=DGROUP M=FPRINTF ACBP=48
0CD0:1B28 0000 C=BSS S=_BSS G=DGROUP M=FPUTS ACBP=48
0CD0:1B28 0002 C=BSS S=_BSS G=DGROUP M=CRTINIT ACBP=48
0CD0:1B2A 0000 C=BSS S=_BSS G=DGROUP M=CLREOL ACBP=48
0CD0:1B2A 0000 C=BSS S=_BSS G=DGROUP M=CLRSCR ACBP=48
0CD0:1B2A 0000 C=BSS S=_BSS G=DGROUP M=CPRINTF ACBP=48
0CD0:1B2A 0000 C=BSS S=_BSS G=DGROUP M=GETCH ACBP=48
0CD0:1B2A 0000 C=BSS S=_BSS G=DGROUP M=ATOL ACBP=48
0CD0:1B2A 0000 C=BSS S=_BSS G=DGROUP M=GOTOXY ACBP=48
0CD0:1B2A 0000 C=BSS S=_BSS G=DGROUP M=GPTEXT ACBP=48
0CD0:1B2A 0000 C=BSS S=_BSS G=DGROUP M=INTR ACBP=48
0CD0:1B2A 0000 C=BSS S=_BSS G=DGROUP M=KBHIT ACBP=48
0CD0:1B2A 0000 C=BSS S=_BSS G=DGROUP M=MOVETEXT ACBP=48
0CD0:1B2A 0000 C=BSS S=_BSS G=DGROUP M=PUTCH ACBP=48
0CD0:1B2A 0000 C=BSS S=_BSS G=DGROUP M=SCROLL ACBP=48
0CD0:1B2A 0000 C=BSS S=_BSS G=DGROUP M=SCREEN ACBP=48
0CD0:1B2A 0002 C=BSS S=_BSS G=DGROUP M=SIGDATA ACBP=48
0CD0:1B2C 0000 C=BSS S=_BSS G=DGROUP M=SPRINTF ACBP=48
0CD0:1B2C 0000 C=BSS S=_BSS G=DGROUP M=VRAM ACBP=48
0CD0:1B2C 0000 C=BSS S=_BSS G=DGROUP M=WHEREXY ACBP=48
0CD0:1B2C 0000 C=BSS S=_BSS G=DGROUP M=BIOSKEY ACBP=48
0E82:000C 0000 C=STACK S=_BSSEND G=DGROUP M=C0C ACBP=28
0E83:0000 00E6 C=STACK S=_STACK G=(none) M=C0C ACBP=74

  Address         Publics by Name

 0000:01BA       DGROUP@
 0829:20A7       e086_Entry
 0829:1D77       e086_Shortcut
 0A89:02EB       e087_Entry
 0A89:036B       e087_Shortcut
 0E83:00E6       emuTop@
 0E83:00DA       emws_adjust
 0E83:00DE       emws_BPsafe
 0E83:00D6       emws_control
 0E83:00DC       emws_fixSeg
 0E83:00C0       emws_initialSP
 0E83:0000       emws_limitSP
 0E83:00D0       emws_nmiVector
 0E83:00CC       emws_saveVector
 0E83:00E0       emws_stamp
 0E83:00D4       emws_status
 0E83:00D8       emws_TOS
 0E83:00E4       emws_version
 0000:FE32  Abs  FIARQQ
 0000:0E32  Abs  FICRQQ
 0000:5C32  Abs  FIDRQQ
 0000:1632  Abs  FIERQQ
 0000:0632  Abs  FISRQQ
 0000:A23D  Abs  FIWRQQ
 0000:4000  Abs  FJARQQ
 0000:C000  Abs  FJCRQQ
 0000:8000  Abs  FJSRQQ
 0ACB:3B26       FLAGS8087@
 0000:4747       FPE1st
 0000:4762       FPElast
 0000:6804       LXMUL@
 0000:7D66       OVERFLOW@
 0000:5AAE       PADD@
 0000:5B09       PCMP@
 0000:5ADB       PSUB@
 0000:7D8B       SCOPY@
 0ACB:2241       _aa
 0ACB:2323       _aaa
 0000:01A4       _abort
 0000:66A3       _access
 0ACB:0112       _agapo
 0ACB:0114       _agevs
 0ACB:0101       _agyn
 0ACB:010A       _anapo
 0ACB:010C       _anevs
 0ACB:00FF       _anyn
 0ACB:28DE       _at
 0000:5632       _atexit
 0000:447D       _atof
 0000:7B11       _atoi
 0000:7A9A       _atol
 0ACB:29AE       _ax
 0ACB:20A9       _b
 0ACB:2311       _bb
 0ACB:25C1       _beg
 0000:824F       _bioskey
 0000:2198       _calctens
 0ACB:2315       _cc
 0000:0517       _changepage
 0000:0E44       _checkrange
 0000:0F72       _cline
 0000:635F       _close
 0000:7894       _clreol
 0000:78B9       _clrscr
 0000:7A17       _cprintf
 0000:7705       _creatnew
 0000:76E8       _creattemp
 0000:3EBF       _cursor
 0ACB:2245       _da
 0ACB:231B       _dd
 0ACB:2327       _dda
 0000:02E6       _dedomena
 0000:12E4       _delitem
 0000:0B0C       _delpage
 0ACB:2037       _directvideo
 0000:16D1       _display_an
 0000:15C2       _display_hh
 0000:0DFB       _display_page
 0000:129B       _display_py
 0000:171A       _display_screen
 0000:0FA1       _dpoint
 0000:1CE6       _dsplagvgos
 0ACB:29AA       _dt
 0ACB:3B0F       _dtmon
 0ACB:2171       _e
 0ACB:0071       _environ
 0ACB:007F       _errno
 0000:0EEA       _error
 0000:54C6       _exit
 0000:4491       _exp
 0ACB:2179       _f
 0000:4502       _fabs
 0000:7657       _farfree
 0000:5853       _farmalloc
 0000:6299       _fclose
 0000:5DC1       _fdopen
 0000:2160       _ferr
 0000:6A3A       _fflush
 0ACB:0094       _file
 0ACB:0102       _flp
 0ACB:00FE       _flpyn
 0000:5D52       _fopen
 0ACB:25CB       _fp
 0ACB:24F1       _fpc
 0000:7722       _fprintf
 0000:6B5B       _fputc
 0000:6CF1       _fputchar
 0000:7741       _fputs
 0000:738B       _free
 0000:5D88       _freopen
 0000:602A       _fseek
 0000:60B3       _ftell
 0000:3F0F       _gchar
 0000:7A34       _getch
 0000:7A4F       _getche
 0000:7B7C       _gettext
 0000:0D41       _get_from_disk_data
 0000:1768       _get_from_disk_message
 0000:2057       _get_from_disk_parameters
 0000:17F2       _get_from_disk_screen
 0000:34AC       _get_from_user_filename
 0000:7B23       _gotoxy
 0ACB:3B15       _grammh
 0000:054E       _help
 0000:1070       _initialize_data
 0000:1886       _inpagv
 0000:35B2       _input
 0000:13C8       _insitem
 0000:0A72       _inspage
 0000:7C07       _intr
 0000:6120       _ioctl
 0000:614B       _isatty
 0ACB:29B2       _isn
 0ACB:29C8       _iso
 0ACB:3B0D       _iter
 0ACB:25CF       _ith
 0000:678F       _itoa
 0ACB:3B1C       _itowr
 0ACB:3B0B       _ityp
 0ACB:2319       _j
 0000:7CAC       _kbhit
 0ACB:0104       _leitoyrgia
 0000:48A6       _log
 0000:66E0       _lseek
 0000:67DA       _ltoa
 0000:01BC       _main
 0000:5658       _malloc
 0000:493E       _matherr
 0ACB:3B23       _maxgrammh
 0000:69D4       _memcpy
 0000:7CB2       _movetext
 0000:0A2A       _nextpage
 0000:5E34       _open
 0000:05D4       _pinaj
 0000:0B8E       _pinaj_input
 0000:496A       _pow
 0000:4B02       _pow10
 0000:09DB       _prevpage
 0000:6B20       _printf
 0000:3F39       _print_data
 0000:4021       _print_results
 0ACB:3B13       _prline
 0ACB:0106       _prlineapo
 0ACB:0108       _prlineevs
 0ACB:00A5       _prost
 0000:7D74       _putch
 0000:6DF4       _puts
 0000:7BCD       _puttext
 0000:0CB8       _put_to_disk_data
 0000:20F4       _put_to_disk_parameters
 0000:160B       _put_to_screen_an
 0000:10C9       _put_to_screen_data
 0000:14BB       _put_to_screen_hh
 0000:11A8       _put_to_screen_py
 0ACB:3B17       _pyapo
 0ACB:3B1E       _pyevs
 0000:641E       _read
 0000:114B       _rearrange
 0ACB:00BF       _recp
 0ACB:00BB       _recv
 0000:0FDD       _scpy
 0ACB:2A9A       _scr
 0000:103C       _screenin
 0ACB:25C3       _sec
 0000:5B2A       _setblock
 0000:6163       _setvbuf
 0ACB:25C7       _sl
 0ACB:3B07       _slt
 0000:8131       _sprintf
 0000:510A       _sqrt
 0ACB:1154       _starline
 0000:68DE       _strcat
 0000:6920       _strchr
 0000:6979       _strcmp
 0000:69AB       _strcpy
 0000:100E       _stringin
 0000:695E       _strlen
 0000:5181       _strtod
 0ACB:00B1       _th
 0ACB:010E       _thapo
 0ACB:0110       _thevs
 0ACB:0100       _thyn
 0000:687E       _tmpnam
 0ACB:3A3B       _tor
 0ACB:24F5       _tsa
 0ACB:29CA       _tsp
 0ACB:29B4       _tt
 0000:67BB       _ultoa
 0000:7A70       _ungetch
 0000:68C4       _unlink
 0ACB:25D1       _v
 0000:8156       _vsprintf
 0ACB:29A6       _w
 0000:8229       _wherex
 0000:823A       _wherey
 0ACB:1BE2       _whyS
 0000:64FB       _write
 0ACB:231F       _xc
 0000:3170       _xeirismos
 0000:4252       _xeirmask
 0ACB:2A96       _xx
 0ACB:3B03       _xy
 0ACB:0081       __8087
 0ACB:006B       __argc
 0ACB:006D       __argv
 0ACB:1CA0       __atexitcnt
 0ACB:3B28       __atexittbl
 0000:59EC       __brk
 0ACB:008B       __brklvl
 0000:77CC       __c0crtinit
 0000:69FA       __chmod
 0000:638C       __close
 0000:78E2       __CPUTN
 0000:76CE       __creat
 0000:77E9       __crtinit
 0ACB:1CB0       __ctype
 0000:0000  Abs  __cvtfak
 0ACB:1C3C       __doserrno
 0ACB:1C3E       __dosErrorToSV
 0000:43D3       __EMURESET
 0ACB:0075       __envLng
 0ACB:0077       __envseg
 0ACB:0079       __envSize
 0000:0104       __exit
 0ACB:1C98       __exitbuf
 0ACB:1C9A       __exitfopen
 0ACB:1C9C       __exitopen
 0ACB:1CA2       __first
 0ACB:1F6A       __fmode
 0000:476F       __fperr
 0000:4511       __FPExcep
 0000:4805       __fpreset
 0000:6B3E       __fputc
 0000:6D09       __FPUTN
 0ACB:0087       __heapbase
 0ACB:008F       __heaptop
 0ACB:1B02       __huge_dble
 0ACB:1AFE       __huge_flt
 0ACB:1B0A       __huge_ldble
 0ACB:1B14       __indefinite
 0ACB:005B       __Int0Vector
 0ACB:005F       __Int4Vector
 0ACB:0063       __Int5Vector
 0ACB:0067       __Int6Vector
 0000:548A       __IOERROR
 0ACB:1CA6       __last
 0000:480B       __LDTRUNC
 0000:670B       __LONGTOA
 0000:53D2       __matherr
 0000:681D       __MKNAME
 0ACB:1F6C       __notUmask
 0000:5F91       __open
 0ACB:1F42       __openfd
 0ACB:007D       __osmajor
 0ACB:007E       __osminor
 0ACB:007B       __psp
 0000:566B       __pull_free_block
 0000:64DD       __read
 0000:6E39       __REALCVT
 0ACB:2048       __RealCvtVector
 0000:0167       __restorezero
 0ACB:1CAA       __rover
 0000:5A33       __sbrk
 0000:7A96       __scanpop
 0000:7A92       __scanrslt
 0000:7A8E       __scantod
 0ACB:204C       __ScanTodVector
 0000:8079       __SCREENIO
 0000:7DCB       __SCROLL
 0000:54FB       __setargv
 0000:55F2       __setenvp
 0ACB:0083       __StartTime
 0ACB:1F6E       __stdinStarted
 0ACB:1F70       __stdoutStarted
 0ACB:1C9E       __stklen
 0ACB:1DB2       __streams
 0ACB:1B18       __tiny_ldble
 0ACB:3B68       __tmpnum
 0000:0000  Abs  __turboCrt
 0000:0000  Abs  __turboCvt
 0000:0000  Abs  __turboFloat
 0000:80B4       __VALIDATEXY
 0ACB:007D       __version
 0ACB:2028       __video
 0000:77BD       __VideoInt
 0000:6E68       __VPRINTER
 0000:817C       __VPTR
 0000:81A1       __VRAM
 0000:821D       __wherexy
 0000:665B       __write
 0000:520D       __XCVT
 0000:63B0       __xfclose
 0000:63E6       __xfflush
 0ACB:3B7A       ___SignalPtr

  Address         Publics by Value

 0000:0000  Abs  __turboFloat
 0000:0000  Abs  __cvtfak
 0000:0000  Abs  __turboCvt
 0000:0000  Abs  __turboCrt
 0000:0104       __exit
 0000:0167       __restorezero
 0000:01A4       _abort
 0000:01BA       DGROUP@
 0000:01BC       _main
 0000:02E6       _dedomena
 0000:0517       _changepage
 0000:054E       _help
 0000:05D4       _pinaj
 0000:0632  Abs  FISRQQ
 0000:09DB       _prevpage
 0000:0A2A       _nextpage
 0000:0A72       _inspage
 0000:0B0C       _delpage
 0000:0B8E       _pinaj_input
 0000:0CB8       _put_to_disk_data
 0000:0D41       _get_from_disk_data
 0000:0DFB       _display_page
 0000:0E32  Abs  FICRQQ
 0000:0E44       _checkrange
 0000:0EEA       _error
 0000:0F72       _cline
 0000:0FA1       _dpoint
 0000:0FDD       _scpy
 0000:100E       _stringin
 0000:103C       _screenin
 0000:1070       _initialize_data
 0000:10C9       _put_to_screen_data
 0000:114B       _rearrange
 0000:11A8       _put_to_screen_py
 0000:129B       _display_py
 0000:12E4       _delitem
 0000:13C8       _insitem
 0000:14BB       _put_to_screen_hh
 0000:15C2       _display_hh
 0000:160B       _put_to_screen_an
 0000:1632  Abs  FIERQQ
 0000:16D1       _display_an
 0000:171A       _display_screen
 0000:1768       _get_from_disk_message
 0000:17F2       _get_from_disk_screen
 0000:1886       _inpagv
 0000:1CE6       _dsplagvgos
 0000:2057       _get_from_disk_parameters
 0000:20F4       _put_to_disk_parameters
 0000:2160       _ferr
 0000:2198       _calctens
 0000:3170       _xeirismos
 0000:34AC       _get_from_user_filename
 0000:35B2       _input
 0000:3EBF       _cursor
 0000:3F0F       _gchar
 0000:3F39       _print_data
 0000:4000  Abs  FJARQQ
 0000:4021       _print_results
 0000:4252       _xeirmask
 0000:43D3       __EMURESET
 0000:447D       _atof
 0000:4491       _exp
 0000:4502       _fabs
 0000:4511       __FPExcep
 0000:4747       FPE1st
 0000:4762       FPElast
 0000:476F       __fperr
 0000:4805       __fpreset
 0000:480B       __LDTRUNC
 0000:48A6       _log
 0000:493E       _matherr
 0000:496A       _pow
 0000:4B02       _pow10
 0000:510A       _sqrt
 0000:5181       _strtod
 0000:520D       __XCVT
 0000:53D2       __matherr
 0000:548A       __IOERROR
 0000:54C6       _exit
 0000:54FB       __setargv
 0000:55F2       __setenvp
 0000:5632       _atexit
 0000:5658       _malloc
 0000:566B       __pull_free_block
 0000:5853       _farmalloc
 0000:59EC       __brk
 0000:5A33       __sbrk
 0000:5AAE       PADD@
 0000:5ADB       PSUB@
 0000:5B09       PCMP@
 0000:5B2A       _setblock
 0000:5C32  Abs  FIDRQQ
 0000:5D52       _fopen
 0000:5D88       _freopen
 0000:5DC1       _fdopen
 0000:5E34       _open
 0000:5F91       __open
 0000:602A       _fseek
 0000:60B3       _ftell
 0000:6120       _ioctl
 0000:614B       _isatty
 0000:6163       _setvbuf
 0000:6299       _fclose
 0000:635F       _close
 0000:638C       __close
 0000:63B0       __xfclose
 0000:63E6       __xfflush
 0000:641E       _read
 0000:64DD       __read
 0000:64FB       _write
 0000:665B       __write
 0000:66A3       _access
 0000:66E0       _lseek
 0000:670B       __LONGTOA
 0000:678F       _itoa
 0000:67BB       _ultoa
 0000:67DA       _ltoa
 0000:6804       LXMUL@
 0000:681D       __MKNAME
 0000:687E       _tmpnam
 0000:68C4       _unlink
 0000:68DE       _strcat
 0000:6920       _strchr
 0000:695E       _strlen
 0000:6979       _strcmp
 0000:69AB       _strcpy
 0000:69D4       _memcpy
 0000:69FA       __chmod
 0000:6A3A       _fflush
 0000:6B20       _printf
 0000:6B3E       __fputc
 0000:6B5B       _fputc
 0000:6CF1       _fputchar
 0000:6D09       __FPUTN
 0000:6DF4       _puts
 0000:6E39       __REALCVT
 0000:6E68       __VPRINTER
 0000:738B       _free
 0000:7657       _farfree
 0000:76CE       __creat
 0000:76E8       _creattemp
 0000:7705       _creatnew
 0000:7722       _fprintf
 0000:7741       _fputs
 0000:77BD       __VideoInt
 0000:77CC       __c0crtinit
 0000:77E9       __crtinit
 0000:7894       _clreol
 0000:78B9       _clrscr
 0000:78E2       __CPUTN
 0000:7A17       _cprintf
 0000:7A34       _getch
 0000:7A4F       _getche
 0000:7A70       _ungetch
 0000:7A8E       __scantod
 0000:7A92       __scanrslt
 0000:7A96       __scanpop
 0000:7A9A       _atol
 0000:7B11       _atoi
 0000:7B23       _gotoxy
 0000:7B7C       _gettext
 0000:7BCD       _puttext
 0000:7C07       _intr
 0000:7CAC       _kbhit
 0000:7CB2       _movetext
 0000:7D66       OVERFLOW@
 0000:7D74       _putch
 0000:7D8B       SCOPY@
 0000:7DCB       __SCROLL
 0000:8000  Abs  FJSRQQ
 0000:8079       __SCREENIO
 0000:80B4       __VALIDATEXY
 0000:8131       _sprintf
 0000:8156       _vsprintf
 0000:817C       __VPTR
 0000:81A1       __VRAM
 0000:821D       __wherexy
 0000:8229       _wherex
 0000:823A       _wherey
 0000:824F       _bioskey
 0000:A23D  Abs  FIWRQQ
 0000:C000  Abs  FJCRQQ
 0000:FE32  Abs  FIARQQ
 0829:1D77       e086_Shortcut
 0829:20A7       e086_Entry
 0A89:02EB       e087_Entry
 0A89:036B       e087_Shortcut
 0ACB:005B       __Int0Vector
 0ACB:005F       __Int4Vector
 0ACB:0063       __Int5Vector
 0ACB:0067       __Int6Vector
 0ACB:006B       __argc
 0ACB:006D       __argv
 0ACB:0071       _environ
 0ACB:0075       __envLng
 0ACB:0077       __envseg
 0ACB:0079       __envSize
 0ACB:007B       __psp
 0ACB:007D       __osmajor
 0ACB:007D       __version
 0ACB:007E       __osminor
 0ACB:007F       _errno
 0ACB:0081       __8087
 0ACB:0083       __StartTime
 0ACB:0087       __heapbase
 0ACB:008B       __brklvl
 0ACB:008F       __heaptop
 0ACB:0094       _file
 0ACB:00A5       _prost
 0ACB:00B1       _th
 0ACB:00BB       _recv
 0ACB:00BF       _recp
 0ACB:00FE       _flpyn
 0ACB:00FF       _anyn
 0ACB:0100       _thyn
 0ACB:0101       _agyn
 0ACB:0102       _flp
 0ACB:0104       _leitoyrgia
 0ACB:0106       _prlineapo
 0ACB:0108       _prlineevs
 0ACB:010A       _anapo
 0ACB:010C       _anevs
 0ACB:010E       _thapo
 0ACB:0110       _thevs
 0ACB:0112       _agapo
 0ACB:0114       _agevs
 0ACB:1154       _starline
 0ACB:1AFE       __huge_flt
 0ACB:1B02       __huge_dble
 0ACB:1B0A       __huge_ldble
 0ACB:1B14       __indefinite
 0ACB:1B18       __tiny_ldble
 0ACB:1BE2       _whyS
 0ACB:1C3C       __doserrno
 0ACB:1C3E       __dosErrorToSV
 0ACB:1C98       __exitbuf
 0ACB:1C9A       __exitfopen
 0ACB:1C9C       __exitopen
 0ACB:1C9E       __stklen
 0ACB:1CA0       __atexitcnt
 0ACB:1CA2       __first
 0ACB:1CA6       __last
 0ACB:1CAA       __rover
 0ACB:1CB0       __ctype
 0ACB:1DB2       __streams
 0ACB:1F42       __openfd
 0ACB:1F6A       __fmode
 0ACB:1F6C       __notUmask
 0ACB:1F6E       __stdinStarted
 0ACB:1F70       __stdoutStarted
 0ACB:2028       __video
 0ACB:2037       _directvideo
 0ACB:2048       __RealCvtVector
 0ACB:204C       __ScanTodVector
 0ACB:20A9       _b
 0ACB:2171       _e
 0ACB:2179       _f
 0ACB:2241       _aa
 0ACB:2245       _da
 0ACB:2311       _bb
 0ACB:2315       _cc
 0ACB:2319       _j
 0ACB:231B       _dd
 0ACB:231F       _xc
 0ACB:2323       _aaa
 0ACB:2327       _dda
 0ACB:24F1       _fpc
 0ACB:24F5       _tsa
 0ACB:25C1       _beg
 0ACB:25C3       _sec
 0ACB:25C7       _sl
 0ACB:25CB       _fp
 0ACB:25CF       _ith
 0ACB:25D1       _v
 0ACB:28DE       _at
 0ACB:29A6       _w
 0ACB:29AA       _dt
 0ACB:29AE       _ax
 0ACB:29B2       _isn
 0ACB:29B4       _tt
 0ACB:29C8       _iso
 0ACB:29CA       _tsp
 0ACB:2A96       _xx
 0ACB:2A9A       _scr
 0ACB:3A3B       _tor
 0ACB:3B03       _xy
 0ACB:3B07       _slt
 0ACB:3B0B       _ityp
 0ACB:3B0D       _iter
 0ACB:3B0F       _dtmon
 0ACB:3B13       _prline
 0ACB:3B15       _grammh
 0ACB:3B17       _pyapo
 0ACB:3B1C       _itowr
 0ACB:3B1E       _pyevs
 0ACB:3B23       _maxgrammh
 0ACB:3B26       FLAGS8087@
 0ACB:3B28       __atexittbl
 0ACB:3B68       __tmpnum
 0ACB:3B7A       ___SignalPtr
 0E83:0000       emws_limitSP
 0E83:00C0       emws_initialSP
 0E83:00CC       emws_saveVector
 0E83:00D0       emws_nmiVector
 0E83:00D4       emws_status
 0E83:00D6       emws_control
 0E83:00D8       emws_TOS
 0E83:00DA       emws_adjust
 0E83:00DC       emws_fixSeg
 0E83:00DE       emws_BPsafe
 0E83:00E0       emws_stamp
 0E83:00E4       emws_version
 0E83:00E6       emuTop@

Line numbers for DEV\TANS5.OBJ(TANS5.C) segment _TEXT

    52 0000:01BC    54 0000:01CC    56 0000:01CF    57 0000:01D3
    59 0000:01E2    60 0000:01E6    62 0000:01F6    63 0000:01FD
    64 0000:0210    65 0000:0220    66 0000:0238    70 0000:023E
    71 0000:0251    72 0000:0254    73 0000:026F    74 0000:027C
    78 0000:0284    81 0000:02A4    82 0000:02A7    84 0000:02A9
    85 0000:02B0    87 0000:02B2    88 0000:02BA    90 0000:02BC
    68 0000:02C4    94 0000:02D7    95 0000:02DF    96 0000:02E2
   101 0000:02E6   106 0000:030B   109 0000:0310   113 0000:031C
   119 0000:031C   121 0000:0338   125 0000:035C   126 0000:036F
   127 0000:0387   128 0000:038D   129 0000:0397   133 0000:039D
   134 0000:03B5   139 0000:03C4   141 0000:03D6   142 0000:03DB
   143 0000:03E5   144 0000:03EA   145 0000:03F4   147 0000:03F6
   149 0000:03FF   150 0000:040E   152 0000:0410   153 0000:042C
   136 0000:0434   137 0000:0434   155 0000:0487   130 0000:0492
   131 0000:0492   157 0000:04E6   111 0000:050E   159 0000:0511
   164 0000:0517   168 0000:0525   171 0000:0534   174 0000:0541
   177 0000:054C   182 0000:054E   187 0000:0564   188 0000:0580
   204 0000:0580   205 0000:059E   206 0000:05A5   207 0000:05AC
   208 0000:05C8   209 0000:05D0   214 0000:05D4   216 0000:05E7
   218 0000:05EC   223 0000:0609   224 0000:0615   225 0000:0633
   228 0000:064C   229 0000:064C   230 0000:06A3   231 0000:06AE
   233 0000:06D7   234 0000:06E0   235 0000:0718   236 0000:0730
   238 0000:0733   239 0000:0733   240 0000:0789   242 0000:07F0
   243 0000:07FB   245 0000:0805   247 0000:0808   248 0000:0808
   249 0000:085E   251 0000:0880   252 0000:088B   257 0000:0895
   260 0000:08EE   261 0000:0905   263 0000:0908   264 0000:091D
   266 0000:0920   267 0000:0935   269 0000:0938   273 0000:0945
   277 0000:0952   281 0000:095F   285 0000:096C   287 0000:0972
   288 0000:097A   290 0000:0981   291 0000:0986   293 0000:0989
   294 0000:0997   297 0000:099A   298 0000:09A3   301 0000:09A6
   302 0000:09AF   305 0000:09B2   306 0000:09B9   308 0000:09BC
   221 0000:09D2   312 0000:09D5   317 0000:09DB   319 0000:09E9
   321 0000:09F0   322 0000:0A16   324 0000:0A28   329 0000:0A2A
   331 0000:0A38   333 0000:0A53   334 0000:0A5E   336 0000:0A70
   341 0000:0A72   343 0000:0A81   345 0000:0A85   348 0000:0AA2
   346 0000:0AB1   352 0000:0ACE   353 0000:0ADD   354 0000:0AEC
   350 0000:0AF0   356 0000:0AF7   357 0000:0B09   363 0000:0B0C
   365 0000:0B1B   367 0000:0B1F   370 0000:0B3C   371 0000:0B4B
   372 0000:0B5A   368 0000:0B5E   374 0000:0B79   375 0000:0B8B
   380 0000:0B8E   392 0000:0B9F   395 0000:0BAC   396 0000:0BCB
   397 0000:0BF4   399 0000:0BFD   401 0000:0C39   402 0000:0C52
   404 0000:0C6D   409 0000:0C99   413 0000:0CA1   416 0000:0CA9
   417 0000:0CAF   419 0000:0CB4   424 0000:0CB8   428 0000:0CC7
   429 0000:0CD9   430 0000:0D01   431 0000:0D0B   432 0000:0D20
   433 0000:0D2A   434 0000:0D34   435 0000:0D3E   440 0000:0D41
   444 0000:0D51   445 0000:0D6A   446 0000:0D74   447 0000:0D9C
   448 0000:0DA6   449 0000:0DBE   450 0000:0DC3   451 0000:0DD7
   452 0000:0DE1   453 0000:0DEB   454 0000:0DF5   455 0000:0DF7
   461 0000:0DFB   463 0000:0E09   464 0000:0E24   465 0000:0E27
   466 0000:0E42   471 0000:0E44   476 0000:0E55   480 0000:0E60
   482 0000:0E71   478 0000:0E7F   485 0000:0E97   488 0000:0EA2
   490 0000:0EB0   486 0000:0EBE   493 0000:0ED6   494 0000:0EE4
   495 0000:0EE6   503 0000:0EEA   508 0000:0F00   510 0000:0F04
   511 0000:0F0D   512 0000:0F19   513 0000:0F26   515 0000:0F44
   518 0000:0F48   519 0000:0F4F   520 0000:0F5C   522 0000:0F6C
   525 0000:0F72   531 0000:0F84   532 0000:0F89   533 0000:0F99
   534 0000:0F9E   537 0000:0FA1   540 0000:0FB3   541 0000:0FBC
   543 0000:0FC0   544 0000:0FCC   542 0000:0FCD   545 0000:0FD6
   546 0000:0FD8   551 0000:0FDD   554 0000:0FEC   556 0000:0FEE
   557 0000:0FFA   558 0000:1008   559 0000:100B   568 0000:100E
   572 0000:101D   573 0000:1021   574 0000:1037   575 0000:1039
   580 0000:103C   584 0000:104B   585 0000:104F   586 0000:106B
   587 0000:106D   591 0000:1070   595 0000:107F   597 0000:1083
   598 0000:109E   599 0000:10B0   601 0000:10C6   606 0000:10C9
   608 0000:10DA   610 0000:10E2   611 0000:1108   612 0000:1118
   613 0000:113E   614 0000:1141   615 0000:1144   616 0000:1147
   621 0000:114B   625 0000:1161   626 0000:1175   627 0000:117A
   628 0000:119F   629 0000:11A2   634 0000:11A8   639 0000:11BB
   640 0000:11C0   642 0000:11C8   643 0000:11D4   644 0000:11EE
   648 0000:1203   649 0000:1233   651 0000:1251   652 0000:126D
   654 0000:1295   659 0000:129B   661 0000:12A9   662 0000:12C4
   663 0000:12C7   664 0000:12E2   669 0000:12E4   676 0000:12F7
   679 0000:130E   680 0000:1312   681 0000:1337   682 0000:1353
   683 0000:1356   685 0000:1358   686 0000:135C   687 0000:137F
   688 0000:138A   689 0000:138D   691 0000:138F   692 0000:1393
   693 0000:13B6   694 0000:13C1   697 0000:13C4   702 0000:13C8
   709 0000:13DB   712 0000:13F2   713 0000:13F7   714 0000:141E
   715 0000:1431   716 0000:1434   718 0000:1437   719 0000:143C
   720 0000:1461   721 0000:1473   722 0000:1476   724 0000:1478
   725 0000:147D   726 0000:14A2   727 0000:14B4   730 0000:14B7
   735 0000:14BB   739 0000:14CE   740 0000:14D3   742 0000:14DB
   743 0000:14E7   744 0000:1501   745 0000:155E   747 0000:1570
   748 0000:1594   750 0000:15BC   755 0000:15C2   757 0000:15D0
   758 0000:15EB   759 0000:15EE   760 0000:1609   765 0000:160B
   769 0000:161E   770 0000:1623   772 0000:1628   773 0000:1634
   774 0000:164D   775 0000:166F   777 0000:1681   778 0000:16A6
   780 0000:16CB   785 0000:16D1   787 0000:16DF   788 0000:16FA
   789 0000:16FD   790 0000:1718   797 0000:171A   806 0000:1729
   807 0000:172D   809 0000:1745   810 0000:174E   811 0000:1765
   816 0000:1768   820 0000:1777   821 0000:178F   822 0000:1799
   823 0000:17B8   824 0000:17C2   825 0000:17D8   826 0000:17E2
   827 0000:17EA   828 0000:17EF   833 0000:17F2   841 0000:1805
   842 0000:181D   843 0000:1827   845 0000:182B   846 0000:1846
   847 0000:1850   848 0000:185A   849 0000:185E   851 0000:1879
   852 0000:1880   857 0000:1886   859 0000:1899   860 0000:189E
   861 0000:18A9   862 0000:18BD   866 0000:18BF   870 0000:18DE
   871 0000:18F0   874 0000:191E   875 0000:1937   876 0000:196D
   877 0000:1980   879 0000:1983   880 0000:19C1   882 0000:19C4
   883 0000:19E8   884 0000:1A20   885 0000:1A38   888 0000:1A3B
   889 0000:1A5C   890 0000:1A95   891 0000:1AB2   893 0000:1AB5
   894 0000:1AD9   895 0000:1B13   896 0000:1B2B   898 0000:1B2E
   899 0000:1B52   900 0000:1B8C   901 0000:1BA4   903 0000:1BA7
   904 0000:1BCD   905 0000:1C07   906 0000:1C21   913 0000:1C24
   914 0000:1C48   915 0000:1C72   916 0000:1CAC   868 0000:1CD2
   920 0000:1CE0   925 0000:1CE6   927 0000:1CFC   929 0000:1D11
   931 0000:1D26   936 0000:1D3B   947 0000:1D3B   948 0000:1D4A
   949 0000:1D64   950 0000:1D83   951 0000:1DB2   952 0000:1DE6
   953 0000:1E21   954 0000:1E57   955 0000:1E92   956 0000:1ECD
   957 0000:1F0A   959 0000:1F42   960 0000:1F95   961 0000:1FE8
   962 0000:1FED   963 0000:1FFE   964 0000:2051   969 0000:2057
   971 0000:2067   973 0000:2069   975 0000:2081   976 0000:209B
   979 0000:20A5   980 0000:20CC   981 0000:20D0   982 0000:20E1
   983 0000:20E9   984 0000:20EE   985 0000:20F0   990 0000:20F4
   994 0000:2103   996 0000:211B   999 0000:2125  1001 0000:2144
  1002 0000:214C  1003 0000:2151  1005 0000:2156  1006 0000:215B
  1007 0000:215D  1012 0000:2160  1014 0000:216E  1015 0000:217B
  1016 0000:218B  1017 0000:218E  1018 0000:2196  1052 0000:2198
  1057 0000:21C0  1059 0000:21C7  1060 0000:21D1  1066 0000:21D1
  1067 0000:21ED  1069 0000:2210  1070 0000:2215  1071 0000:2227
  1073 0000:222C  1074 0000:223C  1075 0000:2243  1076 0000:2250
  1083 0000:2250  1084 0000:225A  1086 0000:225C  1088 0000:226C
  1093 0000:2287  1095 0000:22A2  1099 0000:22AD  1101 0000:22B5
  1103 0000:22BE  1106 0000:22C7  1107 0000:22CC  1111 0000:22D6
  1112 0000:22DF  1113 0000:22EF  1126 0000:2300  1127 0000:231E
  1128 0000:233E  1129 0000:2365  1130 0000:2371  1131 0000:2376
  1132 0000:23B3  1134 0000:23C1  1136 0000:23C9  1137 0000:23C9
  1140 0000:2467  1141 0000:2495  1147 0000:249E  1149 0000:24A7
  1151 0000:24C2  1155 0000:24D2  1156 0000:24E0  1157 0000:24FC
  1158 0000:2507  1160 0000:2510  1161 0000:2530  1162 0000:2530
  1164 0000:25EC  1165 0000:25F2  1168 0000:2612  1169 0000:2618
  1170 0000:2632  1171 0000:2682  1172 0000:26B5  1173 0000:26E3
  1174 0000:272E  1175 0000:2739  1176 0000:2739  1177 0000:27B1
  1179 0000:27BB  1180 0000:27D7  1181 0000:2831  1182 0000:2852
  1183 0000:2887  1184 0000:28A5  1185 0000:28EA  1186 0000:2923
  1187 0000:295B  1188 0000:2984  1189 0000:29A0  1190 0000:29FA
  1191 0000:2A33  1192 0000:2A88  1193 0000:2A88  1196 0000:2B2A
  1198 0000:2B71  1200 0000:2B89  1201 0000:2B96  1202 0000:2B9C
  1203 0000:2BB6  1205 0000:2BDA  1208 0000:2BDC  1209 0000:2BE9
  1210 0000:2BEF  1211 0000:2C09  1212 0000:2C2D  1214 0000:2C33
  1215 0000:2C37  1217 0000:2C42  1219 0000:2C4B  1220 0000:2C67
  1221 0000:2C67  1222 0000:2CE5  1223 0000:2D26  1224 0000:2D81
  1225 0000:2DE4  1226 0000:2DE4  1227 0000:2E6D  1229 0000:2EBB
  1230 0000:2EDB  1231 0000:2EE1  1232 0000:2EFD  1233 0000:2EFD
  1234 0000:2F7B  1236 0000:2F85  1237 0000:2F85  1238 0000:3003
  1243 0000:305A  1244 0000:3088  1247 0000:30B4  1249 0000:30EB
  1104 0000:30F2  1253 0000:3134  1254 0000:3141  1255 0000:314E
  1257 0000:3153  1258 0000:3160  1260 0000:316A  1265 0000:3170
  1267 0000:3186  1269 0000:3189  1270 0000:3194  1273 0000:31AE
  1274 0000:31B5  1275 0000:31BA  1276 0000:31BA  1278 0000:31D3
  1279 0000:31D3  1280 0000:31E0  1281 0000:31E7  1282 0000:31F5
  1283 0000:3207  1285 0000:320D  1286 0000:3218  1287 0000:3241
  1288 0000:3247  1289 0000:3249  1291 0000:324E  1292 0000:325B
  1293 0000:3265  1295 0000:3267  1298 0000:3274  1300 0000:3283
  1302 0000:3299  1308 0000:32AD  1311 0000:32E6  1312 0000:32F0
  1313 0000:32F5  1315 0000:32F8  1316 0000:330B  1317 0000:3311
  1318 0000:3317  1320 0000:3321  1322 0000:3324  1323 0000:333B
  1325 0000:3345  1327 0000:3348  1328 0000:334E  1329 0000:335B
  1332 0000:3384  1333 0000:3398  1334 0000:3398  1335 0000:33D1
  1336 0000:33DE  1337 0000:33E8  1338 0000:33FC  1339 0000:33FC
  1340 0000:3435  1341 0000:3442  1342 0000:344C  1346 0000:344E
  1347 0000:3461  1349 0000:3463  1350 0000:3476  1351 0000:3480
  1354 0000:3483  1355 0000:3495  1357 0000:3497  1358 0000:3497
  1360 0000:34A4  1361 0000:34A6
Line numbers for DEV\GFUFNAME.OBJ(GFUFNAME.C) segment _TEXT

     9 0000:34AC    18 0000:34BE    19 0000:34D1    20 0000:34EC
    23 0000:34F4    24 0000:34F4    26 0000:353A    27 0000:354B
    28 0000:3570    29 0000:358B    31 0000:3595    32 0000:35A0
    33 0000:35AB    34 0000:35AD
Line numbers for DEV\INPUT.OBJ(INPUT.C) segment _TEXT

    10 0000:35B2    25 0000:35EB    32 0000:35F0    33 0000:35F5
    36 0000:35FA    37 0000:3610    38 0000:3634    39 0000:3651
    40 0000:366A    41 0000:3685    42 0000:368D    45 0000:369F
    46 0000:36A5    47 0000:36B4    48 0000:36C9    49 0000:36D4
    50 0000:36F7    58 0000:3702    61 0000:375E    62 0000:3761
    64 0000:3764    65 0000:3769    68 0000:3771    69 0000:3778
    70 0000:377B    74 0000:3797    76 0000:379A    81 0000:37A3
    82 0000:37AC    84 0000:37B0    85 0000:37BA    86 0000:37BB
    88 0000:37E2    91 0000:37E5    97 0000:37EE    98 0000:37F7
   100 0000:3802   101 0000:3823   102 0000:382D   103 0000:382E
   105 0000:3831   107 0000:3837   108 0000:383C   109 0000:385A
   111 0000:385D   113 0000:3860   114 0000:3866   115 0000:386D
   116 0000:386F   117 0000:387A   119 0000:3883   120 0000:3894
   122 0000:389F   126 0000:38A2   127 0000:38AE   129 0000:38B4
   130 0000:38B9   132 0000:38D2   133 0000:38D5   136 0000:38E3
   137 0000:38E8   140 0000:38FD   142 0000:3900   143 0000:3909
   145 0000:390C   146 0000:3913   147 0000:3930   148 0000:3934
   149 0000:393D   150 0000:3947   151 0000:3973   154 0000:398C
   158 0000:398F   159 0000:3997   160 0000:39B4   161 0000:39B7
   162 0000:39C0   163 0000:39EC   167 0000:3A05   169 0000:3A08
   171 0000:3A11   173 0000:3A1A   174 0000:3A2F   175 0000:3A33
   176 0000:3A35   178 0000:3A40   179 0000:3A56   180 0000:3A67
   187 0000:3A6B   188 0000:3A76   190 0000:3A7F   191 0000:3A90
   192 0000:3A9E   193 0000:3ACA   194 0000:3AEA   197 0000:3B03
   200 0000:3B06   202 0000:3B19   203 0000:3B23   204 0000:3B38
   206 0000:3B3E   207 0000:3B56   209 0000:3B5C   210 0000:3B65
   211 0000:3B67   213 0000:3B74   215 0000:3B7B   217 0000:3B84
   218 0000:3BA1   219 0000:3BB6   220 0000:3BBA   222 0000:3BC2
   223 0000:3BDA   224 0000:3BE2   226 0000:3BE4   227 0000:3BFC
   228 0000:3C0A   231 0000:3C0C   232 0000:3C15   233 0000:3C24
   234 0000:3C25   237 0000:3C52   238 0000:3C54   252 0000:3C59
   254 0000:3C62   255 0000:3C80   258 0000:3C8E   261 0000:3C94
   262 0000:3CB4   265 0000:3CB7   266 0000:3CD1   267 0000:3CD1
   268 0000:3D09   269 0000:3D32   270 0000:3D3C   271 0000:3DB6
   275 0000:3DB9   277 0000:3DC3   278 0000:3DC8   279 0000:3DDB
   280 0000:3DE9   281 0000:3DEC   283 0000:3DF5   285 0000:3DFE
   286 0000:3E05   287 0000:3E10   288 0000:3E28   290 0000:3E31
   291 0000:3E3C   295 0000:3E66   298 0000:3E7A   301 0000:3E94
   305 0000:3EB6   306 0000:3EB9
Line numbers for DEV\CURSOR.OBJ(CURSOR.C) segment _TEXT

     7 0000:3EBF    14 0000:3ED4    16 0000:3EDD    17 0000:3EE2
    18 0000:3EF9    20 0000:3F08    21 0000:3F0A
Line numbers for DEV\GCHAR.OBJ(GCHAR.C) segment _TEXT

     5 0000:3F0F     9 0000:3F1E    10 0000:3F27    11 0000:3F34
    12 0000:3F36
Line numbers for DEV\TANPRINT.OBJ(TANPRINT.C) segment _TEXT

    50 0000:3F39    55 0000:3F4A    57 0000:3F52    58 0000:3F64
    60 0000:3F73    78 0000:3F73    79 0000:401D    84 0000:4021
    89 0000:4037    91 0000:403F    93 0000:4051    95 0000:4060
    97 0000:4060    99 0000:40A8   100 0000:40B3   102 0000:40B3
   104 0000:40C6   106 0000:40CD   107 0000:40D1   109 0000:40D9
   110 0000:40E5   111 0000:40F2   112 0000:40FB   114 0000:4108
   118 0000:4108   119 0000:41D5   120 0000:41F2   122 0000:4224
   123 0000:424A   124 0000:424C
Line numbers for DEV\XEIRMASK.OBJ(XEIRMASK.C) segment _TEXT

    13 0000:4252    18 0000:4268    20 0000:426E    21 0000:428A
    36 0000:428A    37 0000:42A8    38 0000:42AF    39 0000:42B1
    41 0000:42B7    42 0000:42D3    44 0000:42DB
Program entry point at 0000:0000

